inTEDed Q0 rO6S93FKIUM 1 -7.14077972 galago
inTEDed2 Q0 B5x5CnwQZD4 1 -6.34810259 galago
inTEDed2 Q0 tVdw60eCnJI 2 -6.40113728 galago
