inTEDed Q0 rO6S93FKIUM 1 -6.78382180 galago
inTEDed2 Q0 B5x5CnwQZD4 1 -5.70855270 galago
inTEDed2 Q0 tVdw60eCnJI 2 -5.76166252 galago
